// Jest Snapshot v1, https://goo.gl/fbAQLP

exports[`The React project compiles as expected 1`] = `
----boundary bar/baz.stories.js
import * as React from 'react';
import { storiesOf as storiesOf_1 } from "@storybook/react";
const stories = storiesOf_1("bar/baz", module);
stories.add('Story in bar/baz.stories.tsx', () => React.createElement("div", null, "Hello"));

----boundary foo.stories.js
import { createElement } from 'react';
import { storiesOf as storiesOf_1 } from "@storybook/react";
const stories = storiesOf_1("foo", module);
stories.add('Story in foo.stories.ts', () => createElement('div', null, 'Hello'));

----boundary foo/bar/baz.stories.js
import { createElement } from 'react';
import { storiesOf as storiesOf_1 } from "@storybook/react";
const stories = storiesOf_1("foo/bar/baz", module);
stories.add('Story in foo/bar/baz.stories.ts', () => createElement('div', null, 'Hello'));

----boundary foo/bar/index.stories.js
import * as React from 'react';
import { storiesOf as storiesOf_1 } from "@storybook/react";
const stories = storiesOf_1("foo/bar", module);
stories.add('Story in foo/bar/index.stories.tsx', () => React.createElement("div", null, "Hello"));

----boundary foo/foo.stories.js
import { createElement } from 'react';
import { storiesOf as storiesOf_1 } from "@storybook/react";
const stories = storiesOf_1("foo/foo", module);
stories.add('Story in foo/foo.stories.ts', () => createElement('div', null, 'Hello'));

----boundary foo/index.stories.js
import { createElement } from 'react';
import { storiesOf as storiesOf_1 } from "@storybook/react";
const stories = storiesOf_1("foo", module);
stories.add('Story in foo/index.stories.ts', () => createElement('div', null, 'Hello'));

----boundary index.js
// This file should not go through the transformer
import { createElement } from 'react';
import stories from 'stories';
stories.add('Story in index.ts', () => createElement('div', null, 'Hello'));

----boundary index.stories.js
import { createElement } from 'react';
import { storiesOf as storiesOf_1 } from "@storybook/react";
const stories = storiesOf_1("Unnamed", module);
stories.add('Story in index.stories.ts', () => createElement('div', null, 'Hello'));

`;
