// Jest Snapshot v1, https://goo.gl/fbAQLP

exports[`The react projects compiles as expected 1`] = `
Object {
  "foo.stories.js": "import { createElement } from 'react';
import { storiesOf as storiesOf_1 } from \\"@storybook/react\\";
const stories = storiesOf_1(\\"Unnamed\\", module);
stories.add('Story in foo.stories.ts', () => createElement('div', null, 'Hello'));
",
  "foo/bar/baz.stories.js": "import { createElement } from 'react';
import { storiesOf as storiesOf_1 } from \\"@storybook/react\\";
const stories = storiesOf_1(\\"Unnamed\\", module);
stories.add('Story in foo/bar/baz.stories.ts', () => createElement('div', null, 'Hello'));
",
  "foo/foo.stories.js": "import { createElement } from 'react';
import { storiesOf as storiesOf_1 } from \\"@storybook/react\\";
const stories = storiesOf_1(\\"Unnamed\\", module);
stories.add('Story in foo/foo.stories.ts', () => createElement('div', null, 'Hello'));
",
  "foo/index.stories.js": "import { createElement } from 'react';
import { storiesOf as storiesOf_1 } from \\"@storybook/react\\";
const stories = storiesOf_1(\\"Unnamed\\", module);
stories.add('Story in foo/index.stories.ts', () => createElement('div', null, 'Hello'));
",
  "index.stories.js": "import { createElement } from 'react';
import { storiesOf as storiesOf_1 } from \\"@storybook/react\\";
const stories = storiesOf_1(\\"Unnamed\\", module);
stories.add('Story in index.stories.ts', () => createElement('div', null, 'Hello'));
",
}
`;
